../Core/Src/main.c:74:6:HAL_ADC_ConvCpltCallback	16	static
../Core/Src/main.c:83:6:HAL_UART_TxCpltCallback	16	static
../Core/Src/main.c:92:5:main	72	static
../Core/Src/main.c:173:6:SystemClock_Config	88	static
../Core/Src/main.c:227:13:MX_ADC1_Init	24	static
../Core/Src/main.c:279:13:MX_ADC2_Init	24	static
../Core/Src/main.c:331:13:MX_USART2_UART_Init	8	static
../Core/Src/main.c:362:13:MX_DMA_Init	16	static
../Core/Src/main.c:387:13:MX_GPIO_Init	16	static
../Core/Src/main.c:411:6:StartDefaultTask	24	static
../Core/Src/main.c:452:6:StartTask02	24	static
../Core/Src/main.c:491:6:Error_Handler	4	static,ignoring_inline_asm
