Archive member included to satisfy reference by file (symbol)

c:/st/stm32cubeide_1.12.1/stm32cubeide/plugins/com.st.stm32cube.ide.mcu.externaltools.gnu-tools-for-stm32.10.3-2021.10.win32_1.0.200.202301161003/tools/bin/../lib/gcc/arm-none-eabi/10.3.1/../../../../arm-none-eabi/lib/thumb/v7e-m+fp/hard\libc_nano.a(lib_a-errno.o)
                              ./Core/Src/syscalls.o (__errno)
c:/st/stm32cubeide_1.12.1/stm32cubeide/plugins/com.st.stm32cube.ide.mcu.externaltools.gnu-tools-for-stm32.10.3-2021.10.win32_1.0.200.202301161003/tools/bin/../lib/gcc/arm-none-eabi/10.3.1/../../../../arm-none-eabi/lib/thumb/v7e-m+fp/hard\libc_nano.a(lib_a-exit.o)
                              c:/st/stm32cubeide_1.12.1/stm32cubeide/plugins/com.st.stm32cube.ide.mcu.externaltools.gnu-tools-for-stm32.10.3-2021.10.win32_1.0.200.202301161003/tools/bin/../lib/gcc/arm-none-eabi/10.3.1/../../../../arm-none-eabi/lib/thumb/v7e-m+fp/hard/crt0.o (exit)
c:/st/stm32cubeide_1.12.1/stm32cubeide/plugins/com.st.stm32cube.ide.mcu.externaltools.gnu-tools-for-stm32.10.3-2021.10.win32_1.0.200.202301161003/tools/bin/../lib/gcc/arm-none-eabi/10.3.1/../../../../arm-none-eabi/lib/thumb/v7e-m+fp/hard\libc_nano.a(lib_a-impure.o)
                              c:/st/stm32cubeide_1.12.1/stm32cubeide/plugins/com.st.stm32cube.ide.mcu.externaltools.gnu-tools-for-stm32.10.3-2021.10.win32_1.0.200.202301161003/tools/bin/../lib/gcc/arm-none-eabi/10.3.1/../../../../arm-none-eabi/lib/thumb/v7e-m+fp/hard\libc_nano.a(lib_a-exit.o) (_global_impure_ptr)
c:/st/stm32cubeide_1.12.1/stm32cubeide/plugins/com.st.stm32cube.ide.mcu.externaltools.gnu-tools-for-stm32.10.3-2021.10.win32_1.0.200.202301161003/tools/bin/../lib/gcc/arm-none-eabi/10.3.1/../../../../arm-none-eabi/lib/thumb/v7e-m+fp/hard\libc_nano.a(lib_a-init.o)
                              c:/st/stm32cubeide_1.12.1/stm32cubeide/plugins/com.st.stm32cube.ide.mcu.externaltools.gnu-tools-for-stm32.10.3-2021.10.win32_1.0.200.202301161003/tools/bin/../lib/gcc/arm-none-eabi/10.3.1/../../../../arm-none-eabi/lib/thumb/v7e-m+fp/hard/crt0.o (__libc_init_array)
c:/st/stm32cubeide_1.12.1/stm32cubeide/plugins/com.st.stm32cube.ide.mcu.externaltools.gnu-tools-for-stm32.10.3-2021.10.win32_1.0.200.202301161003/tools/bin/../lib/gcc/arm-none-eabi/10.3.1/../../../../arm-none-eabi/lib/thumb/v7e-m+fp/hard\libc_nano.a(lib_a-memcpy-stub.o)
                              ./Middlewares/Third_Party/FreeRTOS/Source/queue.o (memcpy)
c:/st/stm32cubeide_1.12.1/stm32cubeide/plugins/com.st.stm32cube.ide.mcu.externaltools.gnu-tools-for-stm32.10.3-2021.10.win32_1.0.200.202301161003/tools/bin/../lib/gcc/arm-none-eabi/10.3.1/../../../../arm-none-eabi/lib/thumb/v7e-m+fp/hard\libc_nano.a(lib_a-memset.o)
                              c:/st/stm32cubeide_1.12.1/stm32cubeide/plugins/com.st.stm32cube.ide.mcu.externaltools.gnu-tools-for-stm32.10.3-2021.10.win32_1.0.200.202301161003/tools/bin/../lib/gcc/arm-none-eabi/10.3.1/../../../../arm-none-eabi/lib/thumb/v7e-m+fp/hard/crt0.o (memset)
c:/st/stm32cubeide_1.12.1/stm32cubeide/plugins/com.st.stm32cube.ide.mcu.externaltools.gnu-tools-for-stm32.10.3-2021.10.win32_1.0.200.202301161003/tools/bin/../lib/gcc/arm-none-eabi/10.3.1/thumb/v7e-m+fp/hard\libgcc.a(_aeabi_uldivmod.o)
                              ./Drivers/STM32F4xx_HAL_Driver/Src/stm32f4xx_hal_rcc.o (__aeabi_uldivmod)
c:/st/stm32cubeide_1.12.1/stm32cubeide/plugins/com.st.stm32cube.ide.mcu.externaltools.gnu-tools-for-stm32.10.3-2021.10.win32_1.0.200.202301161003/tools/bin/../lib/gcc/arm-none-eabi/10.3.1/thumb/v7e-m+fp/hard\libgcc.a(_udivmoddi4.o)
                              c:/st/stm32cubeide_1.12.1/stm32cubeide/plugins/com.st.stm32cube.ide.mcu.externaltools.gnu-tools-for-stm32.10.3-2021.10.win32_1.0.200.202301161003/tools/bin/../lib/gcc/arm-none-eabi/10.3.1/thumb/v7e-m+fp/hard\libgcc.a(_aeabi_uldivmod.o) (__udivmoddi4)
c:/st/stm32cubeide_1.12.1/stm32cubeide/plugins/com.st.stm32cube.ide.mcu.externaltools.gnu-tools-for-stm32.10.3-2021.10.win32_1.0.200.202301161003/tools/bin/../lib/gcc/arm-none-eabi/10.3.1/thumb/v7e-m+fp/hard\libgcc.a(_dvmd_tls.o)
                              c:/st/stm32cubeide_1.12.1/stm32cubeide/plugins/com.st.stm32cube.ide.mcu.externaltools.gnu-tools-for-stm32.10.3-2021.10.win32_1.0.200.202301161003/tools/bin/../lib/gcc/arm-none-eabi/10.3.1/thumb/v7e-m+fp/hard\libgcc.a(_aeabi_uldivmod.o) (__aeabi_ldiv0)

Discarded input sections

 .text          0x0000000000000000        0x0 c:/st/stm32cubeide_1.12.1/stm32cubeide/plugins/com.st.stm32cube.ide.mcu.externaltools.gnu-tools-for-stm32.10.3-2021.10.win32_1.0.200.202301161003/tools/bin/../lib/gcc/arm-none-eabi/10.3.1/thumb/v7e-m+fp/hard/crti.o
 .data          0x0000000000000000        0x0 c:/st/stm32cubeide_1.12.1/stm32cubeide/plugins/com.st.stm32cube.ide.mcu.externaltools.gnu-tools-for-stm32.10.3-2021.10.win32_1.0.200.202301161003/tools/bin/../lib/gcc/arm-none-eabi/10.3.1/thumb/v7e-m+fp/hard/crti.o
[...]
Memory Configuration

Name             Origin             Length             Attributes
CCMRAM           0x0000000010000000 0x0000000000010000 xrw
RAM              0x0000000020000000 0x0000000000030000 xrw
FLASH            0x0000000008000000 0x0000000000200000 xr
*default*        0x0000000000000000 0xffffffffffffffff

Linker script and memory map

LOAD c:/st/stm32cubeide_1.12.1/stm32cubeide/plugins/com.st.stm32cube.ide.mcu.externaltools.gnu-tools-for-stm32.10.3-2021.10.win32_1.0.200.202301161003/tools/bin/../lib/gcc/arm-none-eabi/10.3.1/thumb/v7e-m+fp/hard/crti.o
LOAD c:/st/stm32cubeide_1.12.1/stm32cubeide/plugins/com.st.stm32cube.ide.mcu.externaltools.gnu-tools-for-stm32.10.3-2021.10.win32_1.0.200.202301161003/tools/bin/../lib/gcc/arm-none-eabi/10.3.1/thumb/v7e-m+fp/hard/crtbegin.o
LOAD c:/st/stm32cubeide_1.12.1/stm32cubeide/plugins/com.st.stm32cube.ide.mcu.externaltools.gnu-tools-for-stm32.10.3-2021.10.win32_1.0.200.202301161003/tools/bin/../lib/gcc/arm-none-eabi/10.3.1/../../../../arm-none-eabi/lib/thumb/v7e-m+fp/hard/crt0.o
LOAD ./Core/Src/freertos.o
LOAD ./Core/Src/main.o
LOAD ./Core/Src/stm32f4xx_hal_msp.o
LOAD ./Core/Src/stm32f4xx_it.o
LOAD ./Core/Src/syscalls.o
LOAD ./Core/Src/sysmem.o
LOAD ./Core/Src/system_stm32f4xx.o
LOAD ./Core/Startup/startup_stm32f429zitx.o
LOAD ./Drivers/STM32F4xx_HAL_Driver/Src/stm32f4xx_hal.o
LOAD ./Drivers/STM32F4xx_HAL_Driver/Src/stm32f4xx_hal_cortex.o
LOAD ./Drivers/STM32F4xx_HAL_Driver/Src/stm32f4xx_hal_dma.o
LOAD ./Drivers/STM32F4xx_HAL_Driver/Src/stm32f4xx_hal_dma_ex.o
LOAD ./Drivers/STM32F4xx_HAL_Driver/Src/stm32f4xx_hal_exti.o
LOAD ./Drivers/STM32F4xx_HAL_Driver/Src/stm32f4xx_hal_flash.o
LOAD ./Drivers/STM32F4xx_HAL_Driver/Src/stm32f4xx_hal_flash_ex.o
LOAD ./Drivers/STM32F4xx_HAL_Driver/Src/stm32f4xx_hal_flash_ramfunc.o
LOAD ./Drivers/STM32F4xx_HAL_Driver/Src/stm32f4xx_hal_gpio.o
LOAD ./Drivers/STM32F4xx_HAL_Driver/Src/stm32f4xx_hal_pwr.o
LOAD ./Drivers/STM32F4xx_HAL_Driver/Src/stm32f4xx_hal_pwr_ex.o
LOAD ./Drivers/STM32F4xx_HAL_Driver/Src/stm32f4xx_hal_rcc.o
LOAD ./Drivers/STM32F4xx_HAL_Driver/Src/stm32f4xx_hal_rcc_ex.o
LOAD ./Middlewares/Third_Party/FreeRTOS/Source/CMSIS_RTOS/cmsis_os.o
LOAD ./Middlewares/Third_Party/FreeRTOS/Source/croutine.o
LOAD ./Middlewares/Third_Party/FreeRTOS/Source/event_groups.o
LOAD ./Middlewares/Third_Party/FreeRTOS/Source/list.o
LOAD ./Middlewares/Third_Party/FreeRTOS/Source/queue.o
LOAD ./Middlewares/Third_Party/FreeRTOS/Source/stream_buffer.o
LOAD ./Middlewares/Third_Party/FreeRTOS/Source/tasks.o
LOAD ./Middlewares/Third_Party/FreeRTOS/Source/timers.o
LOAD ./Middlewares/Third_Party/FreeRTOS/Source/portable/GCC/ARM_CM4F/port.o
LOAD ./Middlewares/Third_Party/FreeRTOS/Source/portable/MemMang/heap_4.o
START GROUP
LOAD c:/st/stm32cubeide_1.12.1/stm32cubeide/plugins/com.st.stm32cube.ide.mcu.externaltools.gnu-tools-for-stm32.10.3-2021.10.win32_1.0.200.202301161003/tools/bin/../lib/gcc/arm-none-eabi/10.3.1/../../../../arm-none-eabi/lib/thumb/v7e-m+fp/hard\libstdc++_nano.a
LOAD c:/st/stm32cubeide_1.12.1/stm32cubeide/plugins/com.st.stm32cube.ide.mcu.externaltools.gnu-tools-for-stm32.10.3-2021.10.win32_1.0.200.202301161003/tools/bin/../lib/gcc/arm-none-eabi/10.3.1/../../../../arm-none-eabi/lib/thumb/v7e-m+fp/hard\libsupc++_nano.a
END GROUP
LOAD c:/st/stm32cubeide_1.12.1/stm32cubeide/plugins/com.st.stm32cube.ide.mcu.externaltools.gnu-tools-for-stm32.10.3-2021.10.win32_1.0.200.202301161003/tools/bin/../lib/gcc/arm-none-eabi/10.3.1/../../../../arm-none-eabi/lib/thumb/v7e-m+fp/hard\libstdc++_nano.a
LOAD c:/st/stm32cubeide_1.12.1/stm32cubeide/plugins/com.st.stm32cube.ide.mcu.externaltools.gnu-tools-for-stm32.10.3-2021.10.win32_1.0.200.202301161003/tools/bin/../lib/gcc/arm-none-eabi/10.3.1/../../../../arm-none-eabi/lib/thumb/v7e-m+fp/hard\libm.a
LOAD c:/st/stm32cubeide_1.12.1/stm32cubeide/plugins/com.st.stm32cube.ide.mcu.externaltools.gnu-tools-for-stm32.10.3-2021.10.win32_1.0.200.202301161003/tools/bin/../lib/gcc/arm-none-eabi/10.3.1/../../../../arm-none-eabi/lib/thumb/v7e-m+fp/hard\libc_nano.a
START GROUP
LOAD c:/st/stm32cubeide_1.12.1/stm32cubeide/plugins/com.st.stm32cube.ide.mcu.externaltools.gnu-tools-for-stm32.10.3-2021.10.win32_1.0.200.202301161003/tools/bin/../lib/gcc/arm-none-eabi/10.3.1/thumb/v7e-m+fp/hard\libgcc.a
LOAD c:/st/stm32cubeide_1.12.1/stm32cubeide/plugins/com.st.stm32cube.ide.mcu.externaltools.gnu-tools-for-stm32.10.3-2021.10.win32_1.0.200.202301161003/tools/bin/../lib/gcc/arm-none-eabi/10.3.1/../../../../arm-none-eabi/lib/thumb/v7e-m+fp/hard\libc_nano.a
END GROUP
START GROUP
LOAD c:/st/stm32cubeide_1.12.1/stm32cubeide/plugins/com.st.stm32cube.ide.mcu.externaltools.gnu-tools-for-stm32.10.3-2021.10.win32_1.0.200.202301161003/tools/bin/../lib/gcc/arm-none-eabi/10.3.1/thumb/v7e-m+fp/hard\libgcc.a
LOAD c:/st/stm32cubeide_1.12.1/stm32cubeide/plugins/com.st.stm32cube.ide.mcu.externaltools.gnu-tools-for-stm32.10.3-2021.10.win32_1.0.200.202301161003/tools/bin/../lib/gcc/arm-none-eabi/10.3.1/../../../../arm-none-eabi/lib/thumb/v7e-m+fp/hard\libc_nano.a
LOAD c:/st/stm32cubeide_1.12.1/stm32cubeide/plugins/com.st.stm32cube.ide.mcu.externaltools.gnu-tools-for-stm32.10.3-2021.10.win32_1.0.200.202301161003/tools/bin/../lib/gcc/arm-none-eabi/10.3.1/../../../../arm-none-eabi/lib/thumb/v7e-m+fp/hard\libnosys.a
END GROUP
START GROUP
LOAD c:/st/stm32cubeide_1.12.1/stm32cubeide/plugins/com.st.stm32cube.ide.mcu.externaltools.gnu-tools-for-stm32.10.3-2021.10.win32_1.0.200.202301161003/tools/bin/../lib/gcc/arm-none-eabi/10.3.1/thumb/v7e-m+fp/hard\libgcc.a
LOAD c:/st/stm32cubeide_1.12.1/stm32cubeide/plugins/com.st.stm32cube.ide.mcu.externaltools.gnu-tools-for-stm32.10.3-2021.10.win32_1.0.200.202301161003/tools/bin/../lib/gcc/arm-none-eabi/10.3.1/../../../../arm-none-eabi/lib/thumb/v7e-m+fp/hard\libc_nano.a
LOAD c:/st/stm32cubeide_1.12.1/stm32cubeide/plugins/com.st.stm32cube.ide.mcu.externaltools.gnu-tools-for-stm32.10.3-2021.10.win32_1.0.200.202301161003/tools/bin/../lib/gcc/arm-none-eabi/10.3.1/../../../../arm-none-eabi/lib/thumb/v7e-m+fp/hard\libnosys.a
END GROUP
LOAD c:/st/stm32cubeide_1.12.1/stm32cubeide/plugins/com.st.stm32cube.ide.mcu.externaltools.gnu-tools-for-stm32.10.3-2021.10.win32_1.0.200.202301161003/tools/bin/../lib/gcc/arm-none-eabi/10.3.1/thumb/v7e-m+fp/hard/crtend.o
LOAD c:/st/stm32cubeide_1.12.1/stm32cubeide/plugins/com.st.stm32cube.ide.mcu.externaltools.gnu-tools-for-stm32.10.3-2021.10.win32_1.0.200.202301161003/tools/bin/../lib/gcc/arm-none-eabi/10.3.1/thumb/v7e-m+fp/hard/crtn.o
                0x0000000020030000                _estack = (ORIGIN (RAM) + LENGTH (RAM))
                0x0000000000000200                _Min_Heap_Size = 0x200
                0x0000000000000400                _Min_Stack_Size = 0x400

.isr_vector     0x0000000008000000      0x1ac
                0x0000000008000000                . = ALIGN (0x4)
 *(.isr_vector)
 .isr_vector    0x0000000008000000      0x1ac ./Core/Startup/startup_stm32f429zitx.o
                0x0000000008000000                g_pfnVectors
                0x00000000080001ac                . = ALIGN (0x4)

.text           0x00000000080001b0     0x2a0c
                0x00000000080001b0                . = ALIGN (0x4)
 *(.text)
 .text          0x00000000080001b0       0x40 c:/st/stm32cubeide_1.12.1/stm32cubeide/plugins/com.st.stm32cube.ide.mcu.externaltools.gnu-tools-for-stm32.10.3-2021.10.win32_1.0.200.202301161003/tools/bin/../lib/gcc/arm-none-eabi/10.3.1/thumb/v7e-m+fp/hard/crtbegin.o
 .text          0x00000000080001f0       0x30 c:/st/stm32cubeide_1.12.1/stm32cubeide/plugins/com.st.stm32cube.ide.mcu.externaltools.gnu-tools-for-stm32.10.3-2021.10.win32_1.0.200.202301161003/tools/bin/../lib/gcc/arm-none-eabi/10.3.1/thumb/v7e-m+fp/hard\libgcc.a(_aeabi_uldivmod.o)
                0x00000000080001f0                __aeabi_uldivmod
 .text          0x0000000008000220      0x2d0 c:/st/stm32cubeide_1.12.1/stm32cubeide/plugins/com.st.stm32cube.ide.mcu.externaltools.gnu-tools-for-stm32.10.3-2021.10.win32_1.0.200.202301161003/tools/bin/../lib/gcc/arm-none-eabi/10.3.1/thumb/v7e-m+fp/hard\libgcc.a(_udivmoddi4.o)
                0x0000000008000220                __udivmoddi4
 .text          0x00000000080004f0        0x4 c:/st/stm32cubeide_1.12.1/stm32cubeide/plugins/com.st.stm32cube.ide.mcu.externaltools.gnu-tools-for-stm32.10.3-2021.10.win32_1.0.200.202301161003/tools/bin/../lib/gcc/arm-none-eabi/10.3.1/thumb/v7e-m+fp/hard\libgcc.a(_dvmd_tls.o)
                0x00000000080004f0                __aeabi_idiv0
                0x00000000080004f0                __aeabi_ldiv0
 *(.text*)
 .text.vApplicationGetIdleTaskMemory
                0x00000000080004f4       0x34 ./Core/Src/freertos.o
                0x00000000080004f4                vApplicationGetIdleTaskMemory
 .text.main     0x0000000008000528       0x44 ./Core/Src/main.o
                0x0000000008000528                main
 .text.SystemClock_Config
                0x000000000800056c       0xc0 ./Core/Src/main.o
                0x000000000800056c                SystemClock_Config
 .text.MX_GPIO_Init
                0x000000000800062c       0x68 ./Core/Src/main.o
 .text.StartDefaultTask
                0x0000000008000694       0x38 ./Core/Src/main.o
                0x0000000008000694                StartDefaultTask
 .text.Error_Handler
                0x00000000080006cc        0xa ./Core/Src/main.o
                0x00000000080006cc                Error_Handler
 *fill*         0x00000000080006d6        0x2 
 .text.HAL_MspInit
                0x00000000080006d8       0x58 ./Core/Src/stm32f4xx_hal_msp.o
                0x00000000080006d8                HAL_MspInit
 .text.NMI_Handler
                0x0000000008000730        0x6 ./Core/Src/stm32f4xx_it.o
                0x0000000008000730                NMI_Handler
 .text.HardFault_Handler
                0x0000000008000736        0x6 ./Core/Src/stm32f4xx_it.o
                0x0000000008000736                HardFault_Handler
 .text.MemManage_Handler
                0x000000000800073c        0x6 ./Core/Src/stm32f4xx_it.o
                0x000000000800073c                MemManage_Handler
 .text.BusFault_Handler
                0x0000000008000742        0x6 ./Core/Src/stm32f4xx_it.o
                0x0000000008000742                BusFault_Handler
 .text.UsageFault_Handler
                0x0000000008000748        0x6 ./Core/Src/stm32f4xx_it.o
                0x0000000008000748                UsageFault_Handler
 .text.DebugMon_Handler
                0x000000000800074e        0xe ./Core/Src/stm32f4xx_it.o
                0x000000000800074e                DebugMon_Handler
 .text.SysTick_Handler
                0x000000000800075c       0x1a ./Core/Src/stm32f4xx_it.o
                0x000000000800075c                SysTick_Handler
 *fill*         0x0000000008000776        0x2 
 .text.SystemInit
                0x0000000008000778       0x24 ./Core/Src/system_stm32f4xx.o
                0x0000000008000778                SystemInit
 .text.Reset_Handler
                0x000000000800079c       0x50 ./Core/Startup/startup_stm32f429zitx.o
                0x000000000800079c                Reset_Handler
 .text.Default_Handler
                0x00000000080007ec        0x2 ./Core/Startup/startup_stm32f429zitx.o
                0x00000000080007ec                RTC_Alarm_IRQHandler
                0x00000000080007ec                HASH_RNG_IRQHandler
                0x00000000080007ec                EXTI2_IRQHandler
                0x00000000080007ec                TIM8_CC_IRQHandler
                0x00000000080007ec                UART8_IRQHandler
                0x00000000080007ec                SPI4_IRQHandler
                0x00000000080007ec                TIM1_CC_IRQHandler
                0x00000000080007ec                DMA2_Stream5_IRQHandler
                0x00000000080007ec                DMA1_Stream5_IRQHandler
                0x00000000080007ec                PVD_IRQHandler
                0x00000000080007ec                SDIO_IRQHandler
                0x00000000080007ec                TAMP_STAMP_IRQHandler
                0x00000000080007ec                CAN2_RX1_IRQHandler
                0x00000000080007ec                EXTI3_IRQHandler
                0x00000000080007ec                TIM8_TRG_COM_TIM14_IRQHandler
                0x00000000080007ec                TIM1_UP_TIM10_IRQHandler
                0x00000000080007ec                TIM8_UP_TIM13_IRQHandler
                0x00000000080007ec                I2C3_ER_IRQHandler
                0x00000000080007ec                EXTI0_IRQHandler
                0x00000000080007ec                I2C2_EV_IRQHandler
                0x00000000080007ec                DMA1_Stream2_IRQHandler
                0x00000000080007ec                CAN1_RX0_IRQHandler
                0x00000000080007ec                FPU_IRQHandler
                0x00000000080007ec                OTG_HS_WKUP_IRQHandler
                0x00000000080007ec                LTDC_ER_IRQHandler
                0x00000000080007ec                CAN2_SCE_IRQHandler
                0x00000000080007ec                DMA2_Stream2_IRQHandler
                0x00000000080007ec                SPI1_IRQHandler
                0x00000000080007ec                TIM6_DAC_IRQHandler
                0x00000000080007ec                TIM1_BRK_TIM9_IRQHandler
                0x00000000080007ec                DCMI_IRQHandler
                0x00000000080007ec                CAN2_RX0_IRQHandler
                0x00000000080007ec                DMA2_Stream3_IRQHandler
                0x00000000080007ec                USART6_IRQHandler
                0x00000000080007ec                USART3_IRQHandler
                0x00000000080007ec                CAN1_RX1_IRQHandler
                0x00000000080007ec                UART5_IRQHandler
                0x00000000080007ec                DMA2_Stream0_IRQHandler
                0x00000000080007ec                TIM4_IRQHandler
                0x00000000080007ec                I2C1_EV_IRQHandler
                0x00000000080007ec                DMA1_Stream6_IRQHandler
                0x00000000080007ec                DMA1_Stream1_IRQHandler
                0x00000000080007ec                UART4_IRQHandler
                0x00000000080007ec                TIM3_IRQHandler
                0x00000000080007ec                RCC_IRQHandler
                0x00000000080007ec                TIM8_BRK_TIM12_IRQHandler
                0x00000000080007ec                Default_Handler
                0x00000000080007ec                EXTI15_10_IRQHandler
                0x00000000080007ec                ADC_IRQHandler
                0x00000000080007ec                DMA1_Stream7_IRQHandler
                0x00000000080007ec                SPI5_IRQHandler
                0x00000000080007ec                TIM7_IRQHandler
                0x00000000080007ec                CAN2_TX_IRQHandler
                0x00000000080007ec                TIM5_IRQHandler
                0x00000000080007ec                DMA2_Stream7_IRQHandler
                0x00000000080007ec                I2C3_EV_IRQHandler
                0x00000000080007ec                EXTI9_5_IRQHandler
                0x00000000080007ec                RTC_WKUP_IRQHandler
                0x00000000080007ec                LTDC_IRQHandler
                0x00000000080007ec                ETH_WKUP_IRQHandler
                0x00000000080007ec                SPI2_IRQHandler
                0x00000000080007ec                OTG_HS_EP1_IN_IRQHandler
                0x00000000080007ec                DMA1_Stream0_IRQHandler
                0x00000000080007ec                CAN1_TX_IRQHandler
                0x00000000080007ec                EXTI4_IRQHandler
                0x00000000080007ec                ETH_IRQHandler
                0x00000000080007ec                OTG_HS_EP1_OUT_IRQHandler
                0x00000000080007ec                WWDG_IRQHandler
                0x00000000080007ec                SPI6_IRQHandler
                0x00000000080007ec                TIM2_IRQHandler
                0x00000000080007ec                OTG_FS_WKUP_IRQHandler
                0x00000000080007ec                TIM1_TRG_COM_TIM11_IRQHandler
                0x00000000080007ec                OTG_HS_IRQHandler
                0x00000000080007ec                DMA2D_IRQHandler
                0x00000000080007ec                EXTI1_IRQHandler
                0x00000000080007ec                UART7_IRQHandler
                0x00000000080007ec                USART2_IRQHandler
                0x00000000080007ec                I2C2_ER_IRQHandler
                0x00000000080007ec                DMA2_Stream1_IRQHandler
                0x00000000080007ec                CAN1_SCE_IRQHandler
                0x00000000080007ec                FLASH_IRQHandler
                0x00000000080007ec                DMA2_Stream4_IRQHandler
                0x00000000080007ec                USART1_IRQHandler
                0x00000000080007ec                OTG_FS_IRQHandler
                0x00000000080007ec                SPI3_IRQHandler
                0x00000000080007ec                DMA1_Stream4_IRQHandler
                0x00000000080007ec                I2C1_ER_IRQHandler
                0x00000000080007ec                FMC_IRQHandler
                0x00000000080007ec                DMA2_Stream6_IRQHandler
                0x00000000080007ec                SAI1_IRQHandler
                0x00000000080007ec                DMA1_Stream3_IRQHandler
 *fill*         0x00000000080007ee        0x2 
 .text.HAL_Init
                0x00000000080007f0       0x44 ./Drivers/STM32F4xx_HAL_Driver/Src/stm32f4xx_hal.o
                0x00000000080007f0                HAL_Init
 .text.HAL_InitTick
                0x0000000008000834       0x60 ./Drivers/STM32F4xx_HAL_Driver/Src/stm32f4xx_hal.o
                0x0000000008000834                HAL_InitTick
 .text.HAL_IncTick
                0x0000000008000894       0x28 ./Drivers/STM32F4xx_HAL_Driver/Src/stm32f4xx_hal.o
                0x0000000008000894                HAL_IncTick
 .text.HAL_GetTick
                0x00000000080008bc       0x18 ./Drivers/STM32F4xx_HAL_Driver/Src/stm32f4xx_hal.o
                0x00000000080008bc                HAL_GetTick
 .text.__NVIC_SetPriorityGrouping
                0x00000000080008d4       0x48 ./Drivers/STM32F4xx_HAL_Driver/Src/stm32f4xx_hal_cortex.o
 .text.__NVIC_GetPriorityGrouping
                0x000000000800091c       0x1c ./Drivers/STM32F4xx_HAL_Driver/Src/stm32f4xx_hal_cortex.o
 .text.__NVIC_SetPriority
                0x0000000008000938       0x54 ./Drivers/STM32F4xx_HAL_Driver/Src/stm32f4xx_hal_cortex.o
 .text.NVIC_EncodePriority
                0x000000000800098c       0x66 ./Drivers/STM32F4xx_HAL_Driver/Src/stm32f4xx_hal_cortex.o
 *fill*         0x00000000080009f2        0x2 
 .text.SysTick_Config
                0x00000000080009f4       0x44 ./Drivers/STM32F4xx_HAL_Driver/Src/stm32f4xx_hal_cortex.o
 .text.HAL_NVIC_SetPriorityGrouping
                0x0000000008000a38       0x16 ./Drivers/STM32F4xx_HAL_Driver/Src/stm32f4xx_hal_cortex.o
                0x0000000008000a38                HAL_NVIC_SetPriorityGrouping
 .text.HAL_NVIC_SetPriority
                0x0000000008000a4e       0x38 ./Drivers/STM32F4xx_HAL_Driver/Src/stm32f4xx_hal_cortex.o
                0x0000000008000a4e                HAL_NVIC_SetPriority
 .text.HAL_SYSTICK_Config
                0x0000000008000a86       0x18 ./Drivers/STM32F4xx_HAL_Driver/Src/stm32f4xx_hal_cortex.o
                0x0000000008000a86                HAL_SYSTICK_Config
 *fill*         0x0000000008000a9e        0x2 
 .text.HAL_GPIO_Init
                0x0000000008000aa0      0x358 ./Drivers/STM32F4xx_HAL_Driver/Src/stm32f4xx_hal_gpio.o
                0x0000000008000aa0                HAL_GPIO_Init
 .text.HAL_GPIO_WritePin
                0x0000000008000df8       0x32 ./Drivers/STM32F4xx_HAL_Driver/Src/stm32f4xx_hal_gpio.o
                0x0000000008000df8                HAL_GPIO_WritePin
 *fill*         0x0000000008000e2a        0x2 
 .text.HAL_RCC_OscConfig
                0x0000000008000e2c      0x4f0 ./Drivers/STM32F4xx_HAL_Driver/Src/stm32f4xx_hal_rcc.o
                0x0000000008000e2c                HAL_RCC_OscConfig
 .text.HAL_RCC_ClockConfig
                0x000000000800131c      0x1cc ./Drivers/STM32F4xx_HAL_Driver/Src/stm32f4xx_hal_rcc.o
                0x000000000800131c                HAL_RCC_ClockConfig
 .text.HAL_RCC_GetSysClockFreq
                0x00000000080014e8      0x18c ./Drivers/STM32F4xx_HAL_Driver/Src/stm32f4xx_hal_rcc.o
                0x00000000080014e8                HAL_RCC_GetSysClockFreq
 .text.makeFreeRtosPriority
                0x0000000008001674       0x30 ./Middlewares/Third_Party/FreeRTOS/Source/CMSIS_RTOS/cmsis_os.o
 .text.osKernelStart
                0x00000000080016a4        0xe ./Middlewares/Third_Party/FreeRTOS/Source/CMSIS_RTOS/cmsis_os.o
                0x00000000080016a4                osKernelStart
 .text.osThreadCreate
                0x00000000080016b2       0x98 ./Middlewares/Third_Party/FreeRTOS/Source/CMSIS_RTOS/cmsis_os.o
                0x00000000080016b2                osThreadCreate
 .text.osDelay  0x000000000800174a       0x28 ./Middlewares/Third_Party/FreeRTOS/Source/CMSIS_RTOS/cmsis_os.o
                0x000000000800174a                osDelay
 .text.vListInitialise
                0x0000000008001772       0x40 ./Middlewares/Third_Party/FreeRTOS/Source/list.o
                0x0000000008001772                vListInitialise
 .text.vListInitialiseItem
                0x00000000080017b2       0x1a ./Middlewares/Third_Party/FreeRTOS/Source/list.o
                0x00000000080017b2                vListInitialiseItem
 .text.vListInsertEnd
                0x00000000080017cc       0x48 ./Middlewares/Third_Party/FreeRTOS/Source/list.o
                0x00000000080017cc                vListInsertEnd
 .text.vListInsert
                0x0000000008001814       0x72 ./Middlewares/Third_Party/FreeRTOS/Source/list.o
                0x0000000008001814                vListInsert
 .text.uxListRemove
                0x0000000008001886       0x54 ./Middlewares/Third_Party/FreeRTOS/Source/list.o
                0x0000000008001886                uxListRemove
 .text.xTaskCreateStatic
                0x00000000080018da       0xba ./Middlewares/Third_Party/FreeRTOS/Source/tasks.o
                0x00000000080018da                xTaskCreateStatic
 .text.xTaskCreate
                0x0000000008001994       0x8a ./Middlewares/Third_Party/FreeRTOS/Source/tasks.o
                0x0000000008001994                xTaskCreate
 .text.prvInitialiseNewTask
                0x0000000008001a1e      0x10e ./Middlewares/Third_Party/FreeRTOS/Source/tasks.o
 .text.prvAddNewTaskToReadyList
                0x0000000008001b2c       0xd4 ./Middlewares/Third_Party/FreeRTOS/Source/tasks.o
 .text.vTaskDelay
                0x0000000008001c00       0x68 ./Middlewares/Third_Party/FreeRTOS/Source/tasks.o
                0x0000000008001c00                vTaskDelay
 .text.vTaskStartScheduler
                0x0000000008001c68       0xc0 ./Middlewares/Third_Party/FreeRTOS/Source/tasks.o
                0x0000000008001c68                vTaskStartScheduler
 .text.vTaskSuspendAll
                0x0000000008001d28       0x1c ./Middlewares/Third_Party/FreeRTOS/Source/tasks.o
                0x0000000008001d28                vTaskSuspendAll
 .text.xTaskResumeAll
                0x0000000008001d44      0x138 ./Middlewares/Third_Party/FreeRTOS/Source/tasks.o
                0x0000000008001d44                xTaskResumeAll
 .text.xTaskIncrementTick
                0x0000000008001e7c      0x170 ./Middlewares/Third_Party/FreeRTOS/Source/tasks.o
                0x0000000008001e7c                xTaskIncrementTick
 .text.vTaskSwitchContext
                0x0000000008001fec       0xb8 ./Middlewares/Third_Party/FreeRTOS/Source/tasks.o
                0x0000000008001fec                vTaskSwitchContext
 .text.prvIdleTask
                0x00000000080020a4       0x30 ./Middlewares/Third_Party/FreeRTOS/Source/tasks.o
 .text.prvInitialiseTaskLists
                0x00000000080020d4       0x80 ./Middlewares/Third_Party/FreeRTOS/Source/tasks.o
 .text.prvCheckTasksWaitingTermination
                0x0000000008002154       0x5c ./Middlewares/Third_Party/FreeRTOS/Source/tasks.o
 .text.prvDeleteTCB
                0x00000000080021b0       0x5e ./Middlewares/Third_Party/FreeRTOS/Source/tasks.o
 *fill*         0x000000000800220e        0x2 
 .text.prvResetNextTaskUnblockTime
                0x0000000008002210       0x40 ./Middlewares/Third_Party/FreeRTOS/Source/tasks.o
 .text.xTaskGetSchedulerState
                0x0000000008002250       0x3c ./Middlewares/Third_Party/FreeRTOS/Source/tasks.o
                0x0000000008002250                xTaskGetSchedulerState
 .text.prvAddCurrentTaskToDelayedList
                0x000000000800228c       0xcc ./Middlewares/Third_Party/FreeRTOS/Source/tasks.o
 .text.pxPortInitialiseStack
                0x0000000008002358       0x68 ./Middlewares/Third_Party/FreeRTOS/Source/portable/GCC/ARM_CM4F/port.o
                0x0000000008002358                pxPortInitialiseStack
 .text.prvTaskExitError
                0x00000000080023c0       0x58 ./Middlewares/Third_Party/FreeRTOS/Source/portable/GCC/ARM_CM4F/port.o
 *fill*         0x0000000008002418        0x8 
 .text.SVC_Handler
                0x0000000008002420       0x28 ./Middlewares/Third_Party/FreeRTOS/Source/portable/GCC/ARM_CM4F/port.o
                0x0000000008002420                SVC_Handler
 .text.prvPortStartFirstTask
                0x0000000008002448       0x28 ./Middlewares/Third_Party/FreeRTOS/Source/portable/GCC/ARM_CM4F/port.o
 .text.xPortStartScheduler
                0x0000000008002470      0x144 ./Middlewares/Third_Party/FreeRTOS/Source/portable/GCC/ARM_CM4F/port.o
                0x0000000008002470                xPortStartScheduler
 .text.vPortEnterCritical
                0x00000000080025b4       0x60 ./Middlewares/Third_Party/FreeRTOS/Source/portable/GCC/ARM_CM4F/port.o
                0x00000000080025b4                vPortEnterCritical
 .text.vPortExitCritical
                0x0000000008002614       0x54 ./Middlewares/Third_Party/FreeRTOS/Source/portable/GCC/ARM_CM4F/port.o
                0x0000000008002614                vPortExitCritical
 *fill*         0x0000000008002668        0x8 
 .text.PendSV_Handler
                0x0000000008002670       0x68 ./Middlewares/Third_Party/FreeRTOS/Source/portable/GCC/ARM_CM4F/port.o
                0x0000000008002670                PendSV_Handler
 .text.xPortSysTickHandler
                0x00000000080026d8       0x44 ./Middlewares/Third_Party/FreeRTOS/Source/portable/GCC/ARM_CM4F/port.o
                0x00000000080026d8                xPortSysTickHandler
 .text.vPortSetupTimerInterrupt
                0x000000000800271c       0x48 ./Middlewares/Third_Party/FreeRTOS/Source/portable/GCC/ARM_CM4F/port.o
                0x000000000800271c                vPortSetupTimerInterrupt
 .text.vPortEnableVFP
                0x0000000008002764       0x14 ./Middlewares/Third_Party/FreeRTOS/Source/portable/GCC/ARM_CM4F/port.o
 .text.pvPortMalloc
                0x0000000008002778      0x198 ./Middlewares/Third_Party/FreeRTOS/Source/portable/MemMang/heap_4.o
                0x0000000008002778                pvPortMalloc
 .text.vPortFree
                0x0000000008002910       0xc4 ./Middlewares/Third_Party/FreeRTOS/Source/portable/MemMang/heap_4.o
                0x0000000008002910                vPortFree
 .text.prvHeapInit
                0x00000000080029d4       0xc4 ./Middlewares/Third_Party/FreeRTOS/Source/portable/MemMang/heap_4.o
 .text.prvInsertBlockIntoFreeList
                0x0000000008002a98       0xb4 ./Middlewares/Third_Party/FreeRTOS/Source/portable/MemMang/heap_4.o
 .text.__libc_init_array
                0x0000000008002b4c       0x48 c:/st/stm32cubeide_1.12.1/stm32cubeide/plugins/com.st.stm32cube.ide.mcu.externaltools.gnu-tools-for-stm32.10.3-2021.10.win32_1.0.200.202301161003/tools/bin/../lib/gcc/arm-none-eabi/10.3.1/../../../../arm-none-eabi/lib/thumb/v7e-m+fp/hard\libc_nano.a(lib_a-init.o)
                0x0000000008002b4c                __libc_init_array
 .text.memset   0x0000000008002b94       0x10 c:/st/stm32cubeide_1.12.1/stm32cubeide/plugins/com.st.stm32cube.ide.mcu.externaltools.gnu-tools-for-stm32.10.3-2021.10.win32_1.0.200.202301161003/tools/bin/../lib/gcc/arm-none-eabi/10.3.1/../../../../arm-none-eabi/lib/thumb/v7e-m+fp/hard\libc_nano.a(lib_a-memset.o)
                0x0000000008002b94                memset
 *(.glue_7)
 .glue_7        0x0000000008002ba4        0x0 linker stubs
 *(.glue_7t)
 .glue_7t       0x0000000008002ba4        0x0 linker stubs
 *(.eh_frame)
 .eh_frame      0x0000000008002ba4        0x0 c:/st/stm32cubeide_1.12.1/stm32cubeide/plugins/com.st.stm32cube.ide.mcu.externaltools.gnu-tools-for-stm32.10.3-2021.10.win32_1.0.200.202301161003/tools/bin/../lib/gcc/arm-none-eabi/10.3.1/thumb/v7e-m+fp/hard/crtbegin.o
 *(.init)
 .init          0x0000000008002ba4        0x4 c:/st/stm32cubeide_1.12.1/stm32cubeide/plugins/com.st.stm32cube.ide.mcu.externaltools.gnu-tools-for-stm32.10.3-2021.10.win32_1.0.200.202301161003/tools/bin/../lib/gcc/arm-none-eabi/10.3.1/thumb/v7e-m+fp/hard/crti.o
                0x0000000008002ba4                _init
 .init          0x0000000008002ba8        0x8 c:/st/stm32cubeide_1.12.1/stm32cubeide/plugins/com.st.stm32cube.ide.mcu.externaltools.gnu-tools-for-stm32.10.3-2021.10.win32_1.0.200.202301161003/tools/bin/../lib/gcc/arm-none-eabi/10.3.1/thumb/v7e-m+fp/hard/crtn.o
 *(.fini)
 .fini          0x0000000008002bb0        0x4 c:/st/stm32cubeide_1.12.1/stm32cubeide/plugins/com.st.stm32cube.ide.mcu.externaltools.gnu-tools-for-stm32.10.3-2021.10.win32_1.0.200.202301161003/tools/bin/../lib/gcc/arm-none-eabi/10.3.1/thumb/v7e-m+fp/hard/crti.o
                0x0000000008002bb0                _fini
 .fini          0x0000000008002bb4        0x8 c:/st/stm32cubeide_1.12.1/stm32cubeide/plugins/com.st.stm32cube.ide.mcu.externaltools.gnu-tools-for-stm32.10.3-2021.10.win32_1.0.200.202301161003/tools/bin/../lib/gcc/arm-none-eabi/10.3.1/thumb/v7e-m+fp/hard/crtn.o
                0x0000000008002bbc                . = ALIGN (0x4)
                0x0000000008002bbc                _etext = .

.vfp11_veneer   0x0000000008002bbc        0x0
 .vfp11_veneer  0x0000000008002bbc        0x0 linker stubs

.v4_bx          0x0000000008002bbc        0x0
 .v4_bx         0x0000000008002bbc        0x0 linker stubs

.iplt           0x0000000008002bbc        0x0
 .iplt          0x0000000008002bbc        0x0 c:/st/stm32cubeide_1.12.1/stm32cubeide/plugins/com.st.stm32cube.ide.mcu.externaltools.gnu-tools-for-stm32.10.3-2021.10.win32_1.0.200.202301161003/tools/bin/../lib/gcc/arm-none-eabi/10.3.1/thumb/v7e-m+fp/hard/crtbegin.o

.rodata         0x0000000008002bbc       0x40
                0x0000000008002bbc                . = ALIGN (0x4)
 *(.rodata)
 .rodata        0x0000000008002bbc       0x28 ./Core/Src/main.o
 .rodata        0x0000000008002be4        0x5 ./Middlewares/Third_Party/FreeRTOS/Source/tasks.o
 *(.rodata*)
 *fill*         0x0000000008002be9        0x3 
 .rodata.AHBPrescTable
                0x0000000008002bec       0x10 ./Core/Src/system_stm32f4xx.o
                0x0000000008002bec                AHBPrescTable
                0x0000000008002bfc                . = ALIGN (0x4)

.ARM.extab      0x0000000008002bfc        0x0
                0x0000000008002bfc                . = ALIGN (0x4)
 *(.ARM.extab* .gnu.linkonce.armextab.*)
                0x0000000008002bfc                . = ALIGN (0x4)

.ARM            0x0000000008002bfc        0x8
                0x0000000008002bfc                . = ALIGN (0x4)
                0x0000000008002bfc                __exidx_start = .
 *(.ARM.exidx*)
 .ARM.exidx     0x0000000008002bfc        0x8 c:/st/stm32cubeide_1.12.1/stm32cubeide/plugins/com.st.stm32cube.ide.mcu.externaltools.gnu-tools-for-stm32.10.3-2021.10.win32_1.0.200.202301161003/tools/bin/../lib/gcc/arm-none-eabi/10.3.1/thumb/v7e-m+fp/hard\libgcc.a(_udivmoddi4.o)
                0x0000000008002c04                __exidx_end = .
                0x0000000008002c04                . = ALIGN (0x4)

.rel.dyn        0x0000000008002c04        0x0
 .rel.iplt      0x0000000008002c04        0x0 c:/st/stm32cubeide_1.12.1/stm32cubeide/plugins/com.st.stm32cube.ide.mcu.externaltools.gnu-tools-for-stm32.10.3-2021.10.win32_1.0.200.202301161003/tools/bin/../lib/gcc/arm-none-eabi/10.3.1/thumb/v7e-m+fp/hard/crtbegin.o

.preinit_array  0x0000000008002c04        0x0
                0x0000000008002c04                . = ALIGN (0x4)
                0x0000000008002c04                PROVIDE (__preinit_array_start = .)
 *(.preinit_array*)
                0x0000000008002c04                PROVIDE (__preinit_array_end = .)
                0x0000000008002c04                . = ALIGN (0x4)

.init_array     0x0000000008002c04        0x4
                0x0000000008002c04                . = ALIGN (0x4)
                0x0000000008002c04                PROVIDE (__init_array_start = .)
 *(SORT_BY_NAME(.init_array.*))
 *(.init_array*)
 .init_array    0x0000000008002c04        0x4 c:/st/stm32cubeide_1.12.1/stm32cubeide/plugins/com.st.stm32cube.ide.mcu.externaltools.gnu-tools-for-stm32.10.3-2021.10.win32_1.0.200.202301161003/tools/bin/../lib/gcc/arm-none-eabi/10.3.1/thumb/v7e-m+fp/hard/crtbegin.o
                0x0000000008002c08                PROVIDE (__init_array_end = .)
                0x0000000008002c08                . = ALIGN (0x4)

.fini_array     0x0000000008002c08        0x4
                0x0000000008002c08                . = ALIGN (0x4)
                [!provide]                        PROVIDE (__fini_array_start = .)
 *(SORT_BY_NAME(.fini_array.*))
 *(.fini_array*)
 .fini_array    0x0000000008002c08        0x4 c:/st/stm32cubeide_1.12.1/stm32cubeide/plugins/com.st.stm32cube.ide.mcu.externaltools.gnu-tools-for-stm32.10.3-2021.10.win32_1.0.200.202301161003/tools/bin/../lib/gcc/arm-none-eabi/10.3.1/thumb/v7e-m+fp/hard/crtbegin.o
                [!provide]                        PROVIDE (__fini_array_end = .)
                0x0000000008002c0c                . = ALIGN (0x4)
                0x0000000008002c0c                _sidata = LOADADDR (.data)

.data           0x0000000020000000       0x10 load address 0x0000000008002c0c
                0x0000000020000000                . = ALIGN (0x4)
                0x0000000020000000                _sdata = .
 *(.data)
 *(.data*)
 .data.SystemCoreClock
                0x0000000020000000        0x4 ./Core/Src/system_stm32f4xx.o
                0x0000000020000000                SystemCoreClock
 .data.uwTickPrio
                0x0000000020000004        0x4 ./Drivers/STM32F4xx_HAL_Driver/Src/stm32f4xx_hal.o
                0x0000000020000004                uwTickPrio
 .data.uwTickFreq
                0x0000000020000008        0x1 ./Drivers/STM32F4xx_HAL_Driver/Src/stm32f4xx_hal.o
                0x0000000020000008                uwTickFreq
 *fill*         0x0000000020000009        0x3 
 .data.uxCriticalNesting
                0x000000002000000c        0x4 ./Middlewares/Third_Party/FreeRTOS/Source/portable/GCC/ARM_CM4F/port.o
 *(.RamFunc)
 *(.RamFunc*)
                0x0000000020000010                . = ALIGN (0x4)
                0x0000000020000010                _edata = .
                0x0000000008002c1c                _siccmram = LOADADDR (.ccmram)

.igot.plt       0x0000000020000010        0x0 load address 0x0000000008002c1c
 .igot.plt      0x0000000020000010        0x0 c:/st/stm32cubeide_1.12.1/stm32cubeide/plugins/com.st.stm32cube.ide.mcu.externaltools.gnu-tools-for-stm32.10.3-2021.10.win32_1.0.200.202301161003/tools/bin/../lib/gcc/arm-none-eabi/10.3.1/thumb/v7e-m+fp/hard/crtbegin.o

.ccmram         0x0000000010000000        0x0 load address 0x0000000008002c1c
                0x0000000010000000                . = ALIGN (0x4)
                0x0000000010000000                _sccmram = .
 *(.ccmram)
 *(.ccmram*)
                0x0000000010000000                . = ALIGN (0x4)
                0x0000000010000000                _eccmram = .
                0x0000000010000000                . = ALIGN (0x4)

.bss            0x0000000020000010     0x3fcc
                0x0000000020000010                _sbss = .
                0x0000000020000010                __bss_start__ = _sbss
 *(.bss)
 .bss           0x0000000020000010       0x1c c:/st/stm32cubeide_1.12.1/stm32cubeide/plugins/com.st.stm32cube.ide.mcu.externaltools.gnu-tools-for-stm32.10.3-2021.10.win32_1.0.200.202301161003/tools/bin/../lib/gcc/arm-none-eabi/10.3.1/thumb/v7e-m+fp/hard/crtbegin.o
 *(.bss*)
 .bss.xIdleTaskTCBBuffer
                0x000000002000002c       0x54 ./Core/Src/freertos.o
 .bss.xIdleStack
                0x0000000020000080      0x200 ./Core/Src/freertos.o
 .bss.defaultTaskHandle
                0x0000000020000280        0x4 ./Core/Src/main.o
                0x0000000020000280                defaultTaskHandle
 .bss.uwTick    0x0000000020000284        0x4 ./Drivers/STM32F4xx_HAL_Driver/Src/stm32f4xx_hal.o
                0x0000000020000284                uwTick
 .bss.pxCurrentTCB
                0x0000000020000288        0x4 ./Middlewares/Third_Party/FreeRTOS/Source/tasks.o
                0x0000000020000288                pxCurrentTCB
 .bss.pxReadyTasksLists
                0x000000002000028c       0x8c ./Middlewares/Third_Party/FreeRTOS/Source/tasks.o
 .bss.xDelayedTaskList1
                0x0000000020000318       0x14 ./Middlewares/Third_Party/FreeRTOS/Source/tasks.o
 .bss.xDelayedTaskList2
                0x000000002000032c       0x14 ./Middlewares/Third_Party/FreeRTOS/Source/tasks.o
 .bss.pxDelayedTaskList
                0x0000000020000340        0x4 ./Middlewares/Third_Party/FreeRTOS/Source/tasks.o
 .bss.pxOverflowDelayedTaskList
                0x0000000020000344        0x4 ./Middlewares/Third_Party/FreeRTOS/Source/tasks.o
 .bss.xPendingReadyList
                0x0000000020000348       0x14 ./Middlewares/Third_Party/FreeRTOS/Source/tasks.o
 .bss.xTasksWaitingTermination
                0x000000002000035c       0x14 ./Middlewares/Third_Party/FreeRTOS/Source/tasks.o
 .bss.uxDeletedTasksWaitingCleanUp
                0x0000000020000370        0x4 ./Middlewares/Third_Party/FreeRTOS/Source/tasks.o
 .bss.xSuspendedTaskList
                0x0000000020000374       0x14 ./Middlewares/Third_Party/FreeRTOS/Source/tasks.o
 .bss.uxCurrentNumberOfTasks
                0x0000000020000388        0x4 ./Middlewares/Third_Party/FreeRTOS/Source/tasks.o
 .bss.xTickCount
                0x000000002000038c        0x4 ./Middlewares/Third_Party/FreeRTOS/Source/tasks.o
 .bss.uxTopReadyPriority
                0x0000000020000390        0x4 ./Middlewares/Third_Party/FreeRTOS/Source/tasks.o
 .bss.xSchedulerRunning
                0x0000000020000394        0x4 ./Middlewares/Third_Party/FreeRTOS/Source/tasks.o
 .bss.xPendedTicks
                0x0000000020000398        0x4 ./Middlewares/Third_Party/FreeRTOS/Source/tasks.o
 .bss.xYieldPending
                0x000000002000039c        0x4 ./Middlewares/Third_Party/FreeRTOS/Source/tasks.o
 .bss.xNumOfOverflows
                0x00000000200003a0        0x4 ./Middlewares/Third_Party/FreeRTOS/Source/tasks.o
 .bss.uxTaskNumber
                0x00000000200003a4        0x4 ./Middlewares/Third_Party/FreeRTOS/Source/tasks.o
 .bss.xNextTaskUnblockTime
                0x00000000200003a8        0x4 ./Middlewares/Third_Party/FreeRTOS/Source/tasks.o
 .bss.xIdleTaskHandle
                0x00000000200003ac        0x4 ./Middlewares/Third_Party/FreeRTOS/Source/tasks.o
 .bss.uxSchedulerSuspended
                0x00000000200003b0        0x4 ./Middlewares/Third_Party/FreeRTOS/Source/tasks.o
 .bss.ucMaxSysCallPriority
                0x00000000200003b4        0x1 ./Middlewares/Third_Party/FreeRTOS/Source/portable/GCC/ARM_CM4F/port.o
 *fill*         0x00000000200003b5        0x3 
 .bss.ulMaxPRIGROUPValue
                0x00000000200003b8        0x4 ./Middlewares/Third_Party/FreeRTOS/Source/portable/GCC/ARM_CM4F/port.o
 .bss.ucHeap    0x00000000200003bc     0x3c00 ./Middlewares/Third_Party/FreeRTOS/Source/portable/MemMang/heap_4.o
 .bss.xStart    0x0000000020003fbc        0x8 ./Middlewares/Third_Party/FreeRTOS/Source/portable/MemMang/heap_4.o
 .bss.pxEnd     0x0000000020003fc4        0x4 ./Middlewares/Third_Party/FreeRTOS/Source/portable/MemMang/heap_4.o
 .bss.xFreeBytesRemaining
                0x0000000020003fc8        0x4 ./Middlewares/Third_Party/FreeRTOS/Source/portable/MemMang/heap_4.o
 .bss.xMinimumEverFreeBytesRemaining
                0x0000000020003fcc        0x4 ./Middlewares/Third_Party/FreeRTOS/Source/portable/MemMang/heap_4.o
 .bss.xNumberOfSuccessfulAllocations
                0x0000000020003fd0        0x4 ./Middlewares/Third_Party/FreeRTOS/Source/portable/MemMang/heap_4.o
 .bss.xNumberOfSuccessfulFrees
                0x0000000020003fd4        0x4 ./Middlewares/Third_Party/FreeRTOS/Source/portable/MemMang/heap_4.o
 .bss.xBlockAllocatedBit
                0x0000000020003fd8        0x4 ./Middlewares/Third_Party/FreeRTOS/Source/portable/MemMang/heap_4.o
 *(COMMON)
                0x0000000020003fdc                . = ALIGN (0x4)
                0x0000000020003fdc                _ebss = .
                0x0000000020003fdc                __bss_end__ = _ebss

._user_heap_stack
                0x0000000020003fdc      0x604
                0x0000000020003fe0                . = ALIGN (0x8)
 *fill*         0x0000000020003fdc        0x4 
                [!provide]                        PROVIDE (end = .)
                0x0000000020003fe0                PROVIDE (_end = .)
                0x00000000200041e0                . = (. + _Min_Heap_Size)
 *fill*         0x0000000020003fe0      0x200 
                0x00000000200045e0                . = (. + _Min_Stack_Size)
 *fill*         0x00000000200041e0      0x400 
                0x00000000200045e0                . = ALIGN (0x8)

/DISCARD/
 libc.a(*)
 libm.a(*)
 libgcc.a(*)

.ARM.attributes
                0x0000000000000000       0x30
 *(.ARM.attributes)
 .ARM.attributes
                0x0000000000000000       0x1e c:/st/stm32cubeide_1.12.1/stm32cubeide/plugins/com.st.stm32cube.ide.mcu.externaltools.gnu-tools-for-stm32.10.3-2021.10.win32_1.0.200.202301161003/tools/bin/../lib/gcc/arm-none-eabi/10.3.1/thumb/v7e-m+fp/hard/crti.o
 .ARM.attributes
                0x000000000000001e       0x34 c:/st/stm32cubeide_1.12.1/stm32cubeide/plugins/com.st.stm32cube.ide.mcu.externaltools.gnu-tools-for-stm32.10.3-2021.10.win32_1.0.200.202301161003/tools/bin/../lib/gcc/arm-none-eabi/10.3.1/thumb/v7e-m+fp/hard/crtbegin.o
 .ARM.attributes
                0x0000000000000052       0x34 ./Core/Src/freertos.o
 .ARM.attributes
                0x0000000000000086       0x34 ./Core/Src/main.o
 .ARM.attributes
                0x00000000000000ba       0x34 ./Core/Src/stm32f4xx_hal_msp.o
 .ARM.attributes
                0x00000000000000ee       0x34 ./Core/Src/stm32f4xx_it.o
 .ARM.attributes
                0x0000000000000122       0x34 ./Core/Src/system_stm32f4xx.o
 .ARM.attributes
                0x0000000000000156       0x21 ./Core/Startup/startup_stm32f429zitx.o
 .ARM.attributes
                0x0000000000000177       0x34 ./Drivers/STM32F4xx_HAL_Driver/Src/stm32f4xx_hal.o
 .ARM.attributes
                0x00000000000001ab       0x34 ./Drivers/STM32F4xx_HAL_Driver/Src/stm32f4xx_hal_cortex.o
 .ARM.attributes
                0x00000000000001df       0x34 ./Drivers/STM32F4xx_HAL_Driver/Src/stm32f4xx_hal_gpio.o
 .ARM.attributes
                0x0000000000000213       0x34 ./Drivers/STM32F4xx_HAL_Driver/Src/stm32f4xx_hal_rcc.o
 .ARM.attributes
                0x0000000000000247       0x34 ./Middlewares/Third_Party/FreeRTOS/Source/CMSIS_RTOS/cmsis_os.o
 .ARM.attributes
                0x000000000000027b       0x34 ./Middlewares/Third_Party/FreeRTOS/Source/list.o
 .ARM.attributes
                0x00000000000002af       0x34 ./Middlewares/Third_Party/FreeRTOS/Source/tasks.o
 .ARM.attributes
                0x00000000000002e3       0x34 ./Middlewares/Third_Party/FreeRTOS/Source/portable/GCC/ARM_CM4F/port.o
 .ARM.attributes
                0x0000000000000317       0x34 ./Middlewares/Third_Party/FreeRTOS/Source/portable/MemMang/heap_4.o
 .ARM.attributes
                0x000000000000034b       0x34 c:/st/stm32cubeide_1.12.1/stm32cubeide/plugins/com.st.stm32cube.ide.mcu.externaltools.gnu-tools-for-stm32.10.3-2021.10.win32_1.0.200.202301161003/tools/bin/../lib/gcc/arm-none-eabi/10.3.1/../../../../arm-none-eabi/lib/thumb/v7e-m+fp/hard\libc_nano.a(lib_a-init.o)
 .ARM.attributes
                0x000000000000037f       0x34 c:/st/stm32cubeide_1.12.1/stm32cubeide/plugins/com.st.stm32cube.ide.mcu.externaltools.gnu-tools-for-stm32.10.3-2021.10.win32_1.0.200.202301161003/tools/bin/../lib/gcc/arm-none-eabi/10.3.1/../../../../arm-none-eabi/lib/thumb/v7e-m+fp/hard\libc_nano.a(lib_a-memset.o)
 .ARM.attributes
                0x00000000000003b3       0x1e c:/st/stm32cubeide_1.12.1/stm32cubeide/plugins/com.st.stm32cube.ide.mcu.externaltools.gnu-tools-for-stm32.10.3-2021.10.win32_1.0.200.202301161003/tools/bin/../lib/gcc/arm-none-eabi/10.3.1/thumb/v7e-m+fp/hard\libgcc.a(_aeabi_uldivmod.o)
 .ARM.attributes
                0x00000000000003d1       0x34 c:/st/stm32cubeide_1.12.1/stm32cubeide/plugins/com.st.stm32cube.ide.mcu.externaltools.gnu-tools-for-stm32.10.3-2021.10.win32_1.0.200.202301161003/tools/bin/../lib/gcc/arm-none-eabi/10.3.1/thumb/v7e-m+fp/hard\libgcc.a(_udivmoddi4.o)
 .ARM.attributes
                0x0000000000000405       0x1e c:/st/stm32cubeide_1.12.1/stm32cubeide/plugins/com.st.stm32cube.ide.mcu.externaltools.gnu-tools-for-stm32.10.3-2021.10.win32_1.0.200.202301161003/tools/bin/../lib/gcc/arm-none-eabi/10.3.1/thumb/v7e-m+fp/hard\libgcc.a(_dvmd_tls.o)
 .ARM.attributes
                0x0000000000000423       0x1e c:/st/stm32cubeide_1.12.1/stm32cubeide/plugins/com.st.stm32cube.ide.mcu.externaltools.gnu-tools-for-stm32.10.3-2021.10.win32_1.0.200.202301161003/tools/bin/../lib/gcc/arm-none-eabi/10.3.1/thumb/v7e-m+fp/hard/crtn.o
OUTPUT(freertos_blink_test.elf elf32-littlearm)
LOAD linker stubs
LOAD c:/st/stm32cubeide_1.12.1/stm32cubeide/plugins/com.st.stm32cube.ide.mcu.externaltools.gnu-tools-for-stm32.10.3-2021.10.win32_1.0.200.202301161003/tools/bin/../lib/gcc/arm-none-eabi/10.3.1/../../../../arm-none-eabi/lib/thumb/v7e-m+fp/hard\libc.a
LOAD c:/st/stm32cubeide_1.12.1/stm32cubeide/plugins/com.st.stm32cube.ide.mcu.externaltools.gnu-tools-for-stm32.10.3-2021.10.win32_1.0.200.202301161003/tools/bin/../lib/gcc/arm-none-eabi/10.3.1/../../../../arm-none-eabi/lib/thumb/v7e-m+fp/hard\libm.a
LOAD c:/st/stm32cubeide_1.12.1/stm32cubeide/plugins/com.st.stm32cube.ide.mcu.externaltools.gnu-tools-for-stm32.10.3-2021.10.win32_1.0.200.202301161003/tools/bin/../lib/gcc/arm-none-eabi/10.3.1/thumb/v7e-m+fp/hard\libgcc.a

.debug_info     0x0000000000000000     0x890b
 .debug_info    0x0000000000000000      0x294 ./Core/Src/freertos.o
 .debug_info    0x0000000000000294      0xa54 ./Core/Src/main.o
 .debug_info    0x0000000000000ce8      0x548 ./Core/Src/stm32f4xx_hal_msp.o
 .debug_info    0x0000000000001230      0x125 ./Core/Src/stm32f4xx_it.o
 .debug_info    0x0000000000001355      0x53f ./Core/Src/system_stm32f4xx.o
 .debug_info    0x0000000000001894       0x22 ./Core/Startup/startup_stm32f429zitx.o
 .debug_info    0x00000000000018b6      0x9f4 ./Drivers/STM32F4xx_HAL_Driver/Src/stm32f4xx_hal.o
 .debug_info    0x00000000000022aa      0xe51 ./Drivers/STM32F4xx_HAL_Driver/Src/stm32f4xx_hal_cortex.o
 .debug_info    0x00000000000030fb      0x786 ./Drivers/STM32F4xx_HAL_Driver/Src/stm32f4xx_hal_gpio.o
 .debug_info    0x0000000000003881      0x982 ./Drivers/STM32F4xx_HAL_Driver/Src/stm32f4xx_hal_rcc.o
 .debug_info    0x0000000000004203     0x1c41 ./Middlewares/Third_Party/FreeRTOS/Source/CMSIS_RTOS/cmsis_os.o
 .debug_info    0x0000000000005e44      0x2d1 ./Middlewares/Third_Party/FreeRTOS/Source/list.o
 .debug_info    0x0000000000006115     0x1de4 ./Middlewares/Third_Party/FreeRTOS/Source/tasks.o
 .debug_info    0x0000000000007ef9      0x507 ./Middlewares/Third_Party/FreeRTOS/Source/portable/GCC/ARM_CM4F/port.o
 .debug_info    0x0000000000008400      0x50b ./Middlewares/Third_Party/FreeRTOS/Source/portable/MemMang/heap_4.o

.debug_abbrev   0x0000000000000000     0x1be4
 .debug_abbrev  0x0000000000000000       0xcd ./Core/Src/freertos.o
 .debug_abbrev  0x00000000000000cd      0x26b ./Core/Src/main.o
 .debug_abbrev  0x0000000000000338      0x115 ./Core/Src/stm32f4xx_hal_msp.o
 .debug_abbrev  0x000000000000044d       0x98 ./Core/Src/stm32f4xx_it.o
 .debug_abbrev  0x00000000000004e5      0x116 ./Core/Src/system_stm32f4xx.o
 .debug_abbrev  0x00000000000005fb       0x12 ./Core/Startup/startup_stm32f429zitx.o
 .debug_abbrev  0x000000000000060d      0x20d ./Drivers/STM32F4xx_HAL_Driver/Src/stm32f4xx_hal.o
 .debug_abbrev  0x000000000000081a      0x316 ./Drivers/STM32F4xx_HAL_Driver/Src/stm32f4xx_hal_cortex.o
 .debug_abbrev  0x0000000000000b30      0x1c4 ./Drivers/STM32F4xx_HAL_Driver/Src/stm32f4xx_hal_gpio.o
 .debug_abbrev  0x0000000000000cf4      0x2aa ./Drivers/STM32F4xx_HAL_Driver/Src/stm32f4xx_hal_rcc.o
 .debug_abbrev  0x0000000000000f9e      0x39b ./Middlewares/Third_Party/FreeRTOS/Source/CMSIS_RTOS/cmsis_os.o
 .debug_abbrev  0x0000000000001339       0xf2 ./Middlewares/Third_Party/FreeRTOS/Source/list.o
 .debug_abbrev  0x000000000000142b      0x34e ./Middlewares/Third_Party/FreeRTOS/Source/tasks.o
 .debug_abbrev  0x0000000000001779      0x259 ./Middlewares/Third_Party/FreeRTOS/Source/portable/GCC/ARM_CM4F/port.o
 .debug_abbrev  0x00000000000019d2      0x212 ./Middlewares/Third_Party/FreeRTOS/Source/portable/MemMang/heap_4.o

.debug_aranges  0x0000000000000000      0x8c0
 .debug_aranges
                0x0000000000000000       0x20 ./Core/Src/freertos.o
 .debug_aranges
                0x0000000000000020       0x40 ./Core/Src/main.o
 .debug_aranges
                0x0000000000000060       0x20 ./Core/Src/stm32f4xx_hal_msp.o
 .debug_aranges
                0x0000000000000080       0x50 ./Core/Src/stm32f4xx_it.o
 .debug_aranges
                0x00000000000000d0       0x28 ./Core/Src/system_stm32f4xx.o
 .debug_aranges
                0x00000000000000f8       0x28 ./Core/Startup/startup_stm32f429zitx.o
 .debug_aranges
                0x0000000000000120      0x100 ./Drivers/STM32F4xx_HAL_Driver/Src/stm32f4xx_hal.o
 .debug_aranges
                0x0000000000000220      0x118 ./Drivers/STM32F4xx_HAL_Driver/Src/stm32f4xx_hal_cortex.o
 .debug_aranges
                0x0000000000000338       0x58 ./Drivers/STM32F4xx_HAL_Driver/Src/stm32f4xx_hal_gpio.o
 .debug_aranges
                0x0000000000000390       0x88 ./Drivers/STM32F4xx_HAL_Driver/Src/stm32f4xx_hal_rcc.o
 .debug_aranges
                0x0000000000000418      0x1d8 ./Middlewares/Third_Party/FreeRTOS/Source/CMSIS_RTOS/cmsis_os.o
 .debug_aranges
                0x00000000000005f0       0x40 ./Middlewares/Third_Party/FreeRTOS/Source/list.o
 .debug_aranges
                0x0000000000000630      0x1b8 ./Middlewares/Third_Party/FreeRTOS/Source/tasks.o
 .debug_aranges
                0x00000000000007e8       0x80 ./Middlewares/Third_Party/FreeRTOS/Source/portable/GCC/ARM_CM4F/port.o
 .debug_aranges
                0x0000000000000868       0x58 ./Middlewares/Third_Party/FreeRTOS/Source/portable/MemMang/heap_4.o

.debug_ranges   0x0000000000000000      0x7d8
 .debug_ranges  0x0000000000000000       0x10 ./Core/Src/freertos.o
 .debug_ranges  0x0000000000000010       0x30 ./Core/Src/main.o
 .debug_ranges  0x0000000000000040       0x10 ./Core/Src/stm32f4xx_hal_msp.o
 .debug_ranges  0x0000000000000050       0x40 ./Core/Src/stm32f4xx_it.o
 .debug_ranges  0x0000000000000090       0x18 ./Core/Src/system_stm32f4xx.o
 .debug_ranges  0x00000000000000a8       0x20 ./Core/Startup/startup_stm32f429zitx.o
 .debug_ranges  0x00000000000000c8       0xf0 ./Drivers/STM32F4xx_HAL_Driver/Src/stm32f4xx_hal.o
 .debug_ranges  0x00000000000001b8      0x108 ./Drivers/STM32F4xx_HAL_Driver/Src/stm32f4xx_hal_cortex.o
 .debug_ranges  0x00000000000002c0       0x48 ./Drivers/STM32F4xx_HAL_Driver/Src/stm32f4xx_hal_gpio.o
 .debug_ranges  0x0000000000000308       0x78 ./Drivers/STM32F4xx_HAL_Driver/Src/stm32f4xx_hal_rcc.o
 .debug_ranges  0x0000000000000380      0x1c8 ./Middlewares/Third_Party/FreeRTOS/Source/CMSIS_RTOS/cmsis_os.o
 .debug_ranges  0x0000000000000548       0x30 ./Middlewares/Third_Party/FreeRTOS/Source/list.o
 .debug_ranges  0x0000000000000578      0x1a8 ./Middlewares/Third_Party/FreeRTOS/Source/tasks.o
 .debug_ranges  0x0000000000000720       0x70 ./Middlewares/Third_Party/FreeRTOS/Source/portable/GCC/ARM_CM4F/port.o
 .debug_ranges  0x0000000000000790       0x48 ./Middlewares/Third_Party/FreeRTOS/Source/portable/MemMang/heap_4.o

.debug_macro    0x0000000000000000    0x22f8a
 .debug_macro   0x0000000000000000      0x222 ./Core/Src/freertos.o
 .debug_macro   0x0000000000000222      0xa78 ./Core/Src/freertos.o
 .debug_macro   0x0000000000000c9a      0x174 ./Core/Src/freertos.o
 .debug_macro   0x0000000000000e0e       0x22 ./Core/Src/freertos.o
 .debug_macro   0x0000000000000e30       0x8e ./Core/Src/freertos.o
 .debug_macro   0x0000000000000ebe       0x51 ./Core/Src/freertos.o
 .debug_macro   0x0000000000000f0f      0x103 ./Core/Src/freertos.o
 .debug_macro   0x0000000000001012       0x6a ./Core/Src/freertos.o
 .debug_macro   0x000000000000107c      0x1df ./Core/Src/freertos.o
 .debug_macro   0x000000000000125b       0xe4 ./Core/Src/freertos.o
 .debug_macro   0x000000000000133f      0x15a ./Core/Src/freertos.o
 .debug_macro   0x0000000000001499       0xde ./Core/Src/freertos.o
 .debug_macro   0x0000000000001577       0x1c ./Core/Src/freertos.o
 .debug_macro   0x0000000000001593       0x26 ./Core/Src/freertos.o
 .debug_macro   0x00000000000015b9      0x504 ./Core/Src/freertos.o
 .debug_macro   0x0000000000001abd       0xb5 ./Core/Src/freertos.o
 .debug_macro   0x0000000000001b72       0xaa ./Core/Src/freertos.o
 .debug_macro   0x0000000000001c1c      0x28f ./Core/Src/freertos.o
 .debug_macro   0x0000000000001eab       0x2e ./Core/Src/freertos.o
 .debug_macro   0x0000000000001ed9       0x28 ./Core/Src/freertos.o
 .debug_macro   0x0000000000001f01       0x1c ./Core/Src/freertos.o
 .debug_macro   0x0000000000001f1d       0x22 ./Core/Src/freertos.o
 .debug_macro   0x0000000000001f3f       0xd9 ./Core/Src/freertos.o
 .debug_macro   0x0000000000002018     0x102d ./Core/Src/freertos.o
 .debug_macro   0x0000000000003045      0x11f ./Core/Src/freertos.o
 .debug_macro   0x0000000000003164    0x17fc0 ./Core/Src/freertos.o
 .debug_macro   0x000000000001b124       0x6d ./Core/Src/freertos.o
 .debug_macro   0x000000000001b191     0x36f5 ./Core/Src/freertos.o
 .debug_macro   0x000000000001e886       0x5c ./Core/Src/freertos.o
 .debug_macro   0x000000000001e8e2      0xca5 ./Core/Src/freertos.o
 .debug_macro   0x000000000001f587      0x9fe ./Core/Src/freertos.o
 .debug_macro   0x000000000001ff85      0x115 ./Core/Src/freertos.o
 .debug_macro   0x000000000002009a      0x156 ./Core/Src/freertos.o
 .debug_macro   0x00000000000201f0       0xa5 ./Core/Src/freertos.o
 .debug_macro   0x0000000000020295      0x182 ./Core/Src/freertos.o
 .debug_macro   0x0000000000020417      0x287 ./Core/Src/freertos.o
 .debug_macro   0x000000000002069e       0x5f ./Core/Src/freertos.o
 .debug_macro   0x00000000000206fd      0x236 ./Core/Src/freertos.o
 .debug_macro   0x0000000000020933      0x132 ./Core/Src/freertos.o
 .debug_macro   0x0000000000020a65      0x41d ./Core/Src/freertos.o
 .debug_macro   0x0000000000020e82       0x2e ./Core/Src/freertos.o
 .debug_macro   0x0000000000020eb0      0x11a ./Core/Src/freertos.o
 .debug_macro   0x0000000000020fca       0xe2 ./Core/Src/freertos.o
 .debug_macro   0x00000000000210ac       0x89 ./Core/Src/freertos.o
 .debug_macro   0x0000000000021135      0x134 ./Core/Src/freertos.o
 .debug_macro   0x0000000000021269      0x26d ./Core/Src/main.o
 .debug_macro   0x00000000000214d6       0xe4 ./Core/Src/main.o
 .debug_macro   0x00000000000215ba       0x91 ./Core/Src/main.o
 .debug_macro   0x000000000002164b       0x8d ./Core/Src/main.o
 .debug_macro   0x00000000000216d8       0x7e ./Core/Src/main.o
 .debug_macro   0x0000000000021756       0x19 ./Core/Src/main.o
 .debug_macro   0x000000000002176f       0xf2 ./Core/Src/main.o
 .debug_macro   0x0000000000021861      0x1ba ./Core/Src/stm32f4xx_hal_msp.o
 .debug_macro   0x0000000000021a1b      0x22c ./Core/Src/stm32f4xx_it.o
 .debug_macro   0x0000000000021c47      0x1b0 ./Core/Src/system_stm32f4xx.o
 .debug_macro   0x0000000000021df7      0x210 ./Drivers/STM32F4xx_HAL_Driver/Src/stm32f4xx_hal.o
 .debug_macro   0x0000000000022007      0x1b0 ./Drivers/STM32F4xx_HAL_Driver/Src/stm32f4xx_hal_cortex.o
 .debug_macro   0x00000000000221b7      0x1b6 ./Drivers/STM32F4xx_HAL_Driver/Src/stm32f4xx_hal_gpio.o
 .debug_macro   0x000000000002236d      0x1d4 ./Drivers/STM32F4xx_HAL_Driver/Src/stm32f4xx_hal_rcc.o
 .debug_macro   0x0000000000022541      0x1fe ./Middlewares/Third_Party/FreeRTOS/Source/CMSIS_RTOS/cmsis_os.o
 .debug_macro   0x000000000002273f       0x10 ./Middlewares/Third_Party/FreeRTOS/Source/CMSIS_RTOS/cmsis_os.o
 .debug_macro   0x000000000002274f       0x20 ./Middlewares/Third_Party/FreeRTOS/Source/CMSIS_RTOS/cmsis_os.o
 .debug_macro   0x000000000002276f       0xc7 ./Middlewares/Third_Party/FreeRTOS/Source/CMSIS_RTOS/cmsis_os.o
 .debug_macro   0x0000000000022836      0x187 ./Middlewares/Third_Party/FreeRTOS/Source/list.o
 .debug_macro   0x00000000000229bd      0x279 ./Middlewares/Third_Party/FreeRTOS/Source/tasks.o
 .debug_macro   0x0000000000022c36       0x10 ./Middlewares/Third_Party/FreeRTOS/Source/tasks.o
 .debug_macro   0x0000000000022c46      0x196 ./Middlewares/Third_Party/FreeRTOS/Source/portable/GCC/ARM_CM4F/port.o
 .debug_macro   0x0000000000022ddc      0x1ae ./Middlewares/Third_Party/FreeRTOS/Source/portable/MemMang/heap_4.o

.debug_line     0x0000000000000000     0x96ab
 .debug_line    0x0000000000000000      0x779 ./Core/Src/freertos.o
 .debug_line    0x0000000000000779      0x8c6 ./Core/Src/main.o
 .debug_line    0x000000000000103f      0x67b ./Core/Src/stm32f4xx_hal_msp.o
 .debug_line    0x00000000000016ba      0x823 ./Core/Src/stm32f4xx_it.o
 .debug_line    0x0000000000001edd      0x6fc ./Core/Src/system_stm32f4xx.o
 .debug_line    0x00000000000025d9       0x88 ./Core/Startup/startup_stm32f429zitx.o
 .debug_line    0x0000000000002661      0x998 ./Drivers/STM32F4xx_HAL_Driver/Src/stm32f4xx_hal.o
 .debug_line    0x0000000000002ff9      0xc11 ./Drivers/STM32F4xx_HAL_Driver/Src/stm32f4xx_hal_cortex.o
 .debug_line    0x0000000000003c0a      0xafe ./Drivers/STM32F4xx_HAL_Driver/Src/stm32f4xx_hal_gpio.o
 .debug_line    0x0000000000004708      0xcdc ./Drivers/STM32F4xx_HAL_Driver/Src/stm32f4xx_hal_rcc.o
 .debug_line    0x00000000000053e4     0x11cc ./Middlewares/Third_Party/FreeRTOS/Source/CMSIS_RTOS/cmsis_os.o
 .debug_line    0x00000000000065b0      0x707 ./Middlewares/Third_Party/FreeRTOS/Source/list.o
 .debug_line    0x0000000000006cb7     0x1917 ./Middlewares/Third_Party/FreeRTOS/Source/tasks.o
 .debug_line    0x00000000000085ce      0x7ac ./Middlewares/Third_Party/FreeRTOS/Source/portable/GCC/ARM_CM4F/port.o
 .debug_line    0x0000000000008d7a      0x931 ./Middlewares/Third_Party/FreeRTOS/Source/portable/MemMang/heap_4.o

.debug_str      0x0000000000000000    0xd6728
 .debug_str     0x0000000000000000    0xcd466 ./Core/Src/freertos.o
                                      0xcd714 (size before relaxing)
 .debug_str     0x00000000000cd466     0x27c4 ./Core/Src/main.o
                                      0xcfe5a (size before relaxing)
 .debug_str     0x00000000000cfc2a      0x58a ./Core/Src/stm32f4xx_hal_msp.o
                                      0xc9ea6 (size before relaxing)
 .debug_str     0x00000000000d01b4       0xd9 ./Core/Src/stm32f4xx_it.o
                                      0xcd675 (size before relaxing)
 .debug_str     0x00000000000d028d       0xdb ./Core/Src/system_stm32f4xx.o
                                      0xc99e5 (size before relaxing)
 .debug_str     0x00000000000d0368       0x36 ./Core/Startup/startup_stm32f429zitx.o
                                         0x7f (size before relaxing)
 .debug_str     0x00000000000d039e      0x652 ./Drivers/STM32F4xx_HAL_Driver/Src/stm32f4xx_hal.o
                                      0xca608 (size before relaxing)
 .debug_str     0x00000000000d09f0      0x344 ./Drivers/STM32F4xx_HAL_Driver/Src/stm32f4xx_hal_cortex.o
                                      0xca2ed (size before relaxing)
 .debug_str     0x00000000000d0d34      0x131 ./Drivers/STM32F4xx_HAL_Driver/Src/stm32f4xx_hal_gpio.o
                                      0xc9b60 (size before relaxing)
 .debug_str     0x00000000000d0e65      0x233 ./Drivers/STM32F4xx_HAL_Driver/Src/stm32f4xx_hal_rcc.o
                                      0xc9e19 (size before relaxing)
 .debug_str     0x00000000000d1098     0x38ab ./Middlewares/Third_Party/FreeRTOS/Source/CMSIS_RTOS/cmsis_os.o
                                       0xe380 (size before relaxing)
 .debug_str     0x00000000000d4943      0x20f ./Middlewares/Third_Party/FreeRTOS/Source/list.o
                                       0xa67f (size before relaxing)
 .debug_str     0x00000000000d4b52     0x1126 ./Middlewares/Third_Party/FreeRTOS/Source/tasks.o
                                       0xc9ea (size before relaxing)
 .debug_str     0x00000000000d5c78      0x783 ./Middlewares/Third_Party/FreeRTOS/Source/portable/GCC/ARM_CM4F/port.o
                                       0x85f0 (size before relaxing)
 .debug_str     0x00000000000d63fb      0x32d ./Middlewares/Third_Party/FreeRTOS/Source/portable/MemMang/heap_4.o
                                       0xafc1 (size before relaxing)

.comment        0x0000000000000000       0x50
 .comment       0x0000000000000000       0x50 ./Core/Src/freertos.o
                                         0x51 (size before relaxing)
 .comment       0x0000000000000050       0x51 ./Core/Src/main.o
 .comment       0x0000000000000050       0x51 ./Core/Src/stm32f4xx_hal_msp.o
 .comment       0x0000000000000050       0x51 ./Core/Src/stm32f4xx_it.o
 .comment       0x0000000000000050       0x51 ./Core/Src/system_stm32f4xx.o
 .comment       0x0000000000000050       0x51 ./Drivers/STM32F4xx_HAL_Driver/Src/stm32f4xx_hal.o
 .comment       0x0000000000000050       0x51 ./Drivers/STM32F4xx_HAL_Driver/Src/stm32f4xx_hal_cortex.o
 .comment       0x0000000000000050       0x51 ./Drivers/STM32F4xx_HAL_Driver/Src/stm32f4xx_hal_gpio.o
 .comment       0x0000000000000050       0x51 ./Drivers/STM32F4xx_HAL_Driver/Src/stm32f4xx_hal_rcc.o
 .comment       0x0000000000000050       0x51 ./Middlewares/Third_Party/FreeRTOS/Source/CMSIS_RTOS/cmsis_os.o
 .comment       0x0000000000000050       0x51 ./Middlewares/Third_Party/FreeRTOS/Source/list.o
 .comment       0x0000000000000050       0x51 ./Middlewares/Third_Party/FreeRTOS/Source/tasks.o
 .comment       0x0000000000000050       0x51 ./Middlewares/Third_Party/FreeRTOS/Source/portable/GCC/ARM_CM4F/port.o
 .comment       0x0000000000000050       0x51 ./Middlewares/Third_Party/FreeRTOS/Source/portable/MemMang/heap_4.o

.debug_frame    0x0000000000000000     0x21a8
 .debug_frame   0x0000000000000000       0x38 ./Core/Src/freertos.o
 .debug_frame   0x0000000000000038       0xb4 ./Core/Src/main.o
 .debug_frame   0x00000000000000ec       0x34 ./Core/Src/stm32f4xx_hal_msp.o
 .debug_frame   0x0000000000000120       0xc4 ./Core/Src/stm32f4xx_it.o
 .debug_frame   0x00000000000001e4       0x58 ./Core/Src/system_stm32f4xx.o
 .debug_frame   0x000000000000023c      0x3b4 ./Drivers/STM32F4xx_HAL_Driver/Src/stm32f4xx_hal.o
 .debug_frame   0x00000000000005f0      0x498 ./Drivers/STM32F4xx_HAL_Driver/Src/stm32f4xx_hal_cortex.o
 .debug_frame   0x0000000000000a88      0x14c ./Drivers/STM32F4xx_HAL_Driver/Src/stm32f4xx_hal_gpio.o
 .debug_frame   0x0000000000000bd4      0x1f4 ./Drivers/STM32F4xx_HAL_Driver/Src/stm32f4xx_hal_rcc.o
 .debug_frame   0x0000000000000dc8      0x80c ./Middlewares/Third_Party/FreeRTOS/Source/CMSIS_RTOS/cmsis_os.o
 .debug_frame   0x00000000000015d4       0xd8 ./Middlewares/Third_Party/FreeRTOS/Source/list.o
 .debug_frame   0x00000000000016ac      0x77c ./Middlewares/Third_Party/FreeRTOS/Source/tasks.o
 .debug_frame   0x0000000000001e28      0x1a8 ./Middlewares/Third_Party/FreeRTOS/Source/portable/GCC/ARM_CM4F/port.o
 .debug_frame   0x0000000000001fd0      0x12c ./Middlewares/Third_Party/FreeRTOS/Source/portable/MemMang/heap_4.o
 .debug_frame   0x00000000000020fc       0x2c c:/st/stm32cubeide_1.12.1/stm32cubeide/plugins/com.st.stm32cube.ide.mcu.externaltools.gnu-tools-for-stm32.10.3-2021.10.win32_1.0.200.202301161003/tools/bin/../lib/gcc/arm-none-eabi/10.3.1/../../../../arm-none-eabi/lib/thumb/v7e-m+fp/hard\libc_nano.a(lib_a-init.o)
 .debug_frame   0x0000000000002128       0x20 c:/st/stm32cubeide_1.12.1/stm32cubeide/plugins/com.st.stm32cube.ide.mcu.externaltools.gnu-tools-for-stm32.10.3-2021.10.win32_1.0.200.202301161003/tools/bin/../lib/gcc/arm-none-eabi/10.3.1/../../../../arm-none-eabi/lib/thumb/v7e-m+fp/hard\libc_nano.a(lib_a-memset.o)
 .debug_frame   0x0000000000002148       0x2c c:/st/stm32cubeide_1.12.1/stm32cubeide/plugins/com.st.stm32cube.ide.mcu.externaltools.gnu-tools-for-stm32.10.3-2021.10.win32_1.0.200.202301161003/tools/bin/../lib/gcc/arm-none-eabi/10.3.1/thumb/v7e-m+fp/hard\libgcc.a(_aeabi_uldivmod.o)
 .debug_frame   0x0000000000002174       0x34 c:/st/stm32cubeide_1.12.1/stm32cubeide/plugins/com.st.stm32cube.ide.mcu.externaltools.gnu-tools-for-stm32.10.3-2021.10.win32_1.0.200.202301161003/tools/bin/../lib/gcc/arm-none-eabi/10.3.1/thumb/v7e-m+fp/hard\libgcc.a(_udivmoddi4.o)
